// Jest Snapshot v1, https://goo.gl/fbAQLP

exports[`Confirmation Screen component matches the snapshot 1`] = `
<View
  style={
    Array [
      Object {
        "backgroundColor": "#fff",
      },
      Object {
        "alignItems": "center",
        "flex": 1,
        "justifyContent": "center",
      },
    ]
  }
>
  <View
    accessible={true}
    focusable={true}
    onClick={[Function]}
    onResponderGrant={[Function]}
    onResponderMove={[Function]}
    onResponderRelease={[Function]}
    onResponderTerminate={[Function]}
    onResponderTerminationRequest={[Function]}
    onStartShouldSetResponder={[Function]}
    style={
      Object {
        "left": 4,
        "opacity": 1,
        "position": "absolute",
        "top": 30,
      }
    }
  >
    <Image
      source={1}
      style={
        Object {
          "height": 24,
          "width": 24,
        }
      }
    />
  </View>
  <View
    accessible={true}
    focusable={true}
    onClick={[Function]}
    onResponderGrant={[Function]}
    onResponderMove={[Function]}
    onResponderRelease={[Function]}
    onResponderTerminate={[Function]}
    onResponderTerminationRequest={[Function]}
    onStartShouldSetResponder={[Function]}
    style={
      Object {
        "alignItems": "center",
        "backgroundColor": "#0f4d92",
        "marginTop": 20,
        "opacity": 1,
        "padding": 10,
        "width": 100,
      }
    }
  >
    <Text
      style={
        Array [
          Object {
            "color": "#000",
          },
          Object {
            "color": "white",
            "fontFamily": "Arial",
            "fontSize": 20,
            "fontWeight": "bold",
          },
        ]
      }
    >
      Confirm Email
    </Text>
  </View>
</View>
`;
