// Jest Snapshot v1, https://goo.gl/fbAQLP

exports[`Confirmation Screen component matches the snapshot 1`] = `
<View
  style={
    Array [
      Object {
        "backgroundColor": "#fff",
      },
      Object {
        "alignItems": "center",
        "flex": 1,
        "justifyContent": "center",
      },
    ]
  }
>
  <Image
    source={1}
    style={
      Object {
        "height": 75,
        "marginBottom": 10,
        "width": 85,
      }
    }
  />
</View>
`;
