// Jest Snapshot v1, https://goo.gl/fbAQLP

exports[`Start Screen component matches the snapshot 1`] = `
<View
  style={
    Array [
      Object {
        "backgroundColor": "#fff",
      },
      Object {
        "alignItems": "center",
        "flex": 1,
        "justifyContent": "center",
      },
    ]
  }
>
  <Image
    source={1}
    style={
      Object {
        "height": 150,
        "marginBottom": 10,
        "width": 170,
      }
    }
  />
  <View
    style={
      Array [
        Object {
          "backgroundColor": "#fff",
        },
        Object {
          "height": 3,
          "marginVertical": 5,
          "width": "50%",
        },
      ]
    }
  />
  <View
    accessible={true}
    focusable={true}
    onClick={[Function]}
    onResponderGrant={[Function]}
    onResponderMove={[Function]}
    onResponderRelease={[Function]}
    onResponderTerminate={[Function]}
    onResponderTerminationRequest={[Function]}
    onStartShouldSetResponder={[Function]}
    style={
      Object {
        "alignItems": "center",
        "backgroundColor": "#0f4d92",
        "opacity": 1,
        "padding": 10,
        "width": 170,
      }
    }
  >
    <Text
      style={
        Array [
          Object {
            "color": "#000",
          },
          Object {
            "color": "white",
            "fontFamily": "Arial",
            "fontSize": 20,
            "fontWeight": "bold",
          },
        ]
      }
    >
      Login
    </Text>
  </View>
  <View
    style={
      Array [
        Object {
          "backgroundColor": "#fff",
        },
        Object {
          "height": 3,
          "marginVertical": 5,
          "width": "50%",
        },
      ]
    }
  />
  <View
    accessible={true}
    focusable={true}
    onClick={[Function]}
    onResponderGrant={[Function]}
    onResponderMove={[Function]}
    onResponderRelease={[Function]}
    onResponderTerminate={[Function]}
    onResponderTerminationRequest={[Function]}
    onStartShouldSetResponder={[Function]}
    style={
      Object {
        "alignItems": "center",
        "backgroundColor": "#0f4d92",
        "opacity": 1,
        "padding": 10,
        "width": 170,
      }
    }
  >
    <Text
      style={
        Array [
          Object {
            "color": "#000",
          },
          Object {
            "color": "white",
            "fontFamily": "Arial",
            "fontSize": 20,
            "fontWeight": "bold",
          },
        ]
      }
    >
      Register
    </Text>
  </View>
</View>
`;
