// Jest Snapshot v1, https://goo.gl/fbAQLP

exports[`renders correctly 1`] = `
<View
  style={
    Array [
      Object {
        "alignItems": "center",
        "flex": 1,
        "justifyContent": "center",
        "margin": 10,
      },
      Object {
        "backgroundColor": "transparent",
        "borderRadius": 16,
        "elevation": 3,
        "shadowColor": "black",
        "shadowOffset": Object {
          "height": 1,
          "width": 0,
        },
        "shadowOpacity": 0.22,
        "shadowRadius": 2.22,
      },
    ]
  }
>
  <View
    accessible={true}
    focusable={true}
    onClick={[Function]}
    onResponderGrant={[Function]}
    onResponderMove={[Function]}
    onResponderRelease={[Function]}
    onResponderTerminate={[Function]}
    onResponderTerminationRequest={[Function]}
    onStartShouldSetResponder={[Function]}
    style={
      Object {
        "alignItems": "center",
        "backgroundColor": "rgba(15, 77, 146, 0.8)",
        "borderRadius": 5,
        "flexDirection": "row",
        "height": 70,
        "opacity": 1,
        "width": "100%",
      }
    }
  >
    <View
      style={
        Object {
          "backgroundColor": "#fff",
          "height": 70,
          "margin": 2,
          "width": 2,
        }
      }
    />
    <View
      style={
        Object {
          "paddingRight": 10,
        }
      }
    />
    <Text
      style={
        Array [
          Object {
            "color": "#fff",
            "fontFamily": "Arial",
            "fontSize": 20,
            "marginBottom": 4,
          },
          Object {
            "fontWeight": "bold",
          },
        ]
      }
    />
    <View
      style={
        Object {
          "paddingRight": 5,
        }
      }
    />
  </View>
</View>
`;
